WARNING (pytensor.configdefaults): g++ not available, if using conda: `conda install gxx`
WARNING (pytensor.configdefaults): g++ not detected!  PyTensor will be unable to compile C-implementations and will default to Python. Performance may be severely degraded. To remove this warning, set PyTensor flags cxx to an empty string.

========================================================================
Stage 0  |  gemma-2-2b-it  |  config c8e5a7c76ca4
========================================================================
device=cuda (NVIDIA RTX 2000 Ada Generation Laptop GPU)  dtype=bfloat16
revision=299a8560bedf22ed1c72a8a11e7dce4a7f9f51f8 pinned=True
git=4ab08c06f0cb dirty=False  seed=20261025

========================================================================
Absolute Pass A -- instrument-validation record (A1.5). Gates nothing.
========================================================================
cached: artifacts\pass_a\gemma-2-2b-it\417d714030e5\ratings_417d714030e5.parquet
  median polarity rho = -0.944  (retired threshold was 0.6)
  sigma_between: collapsed 0.179, ascending 0.887
  ICC(C,1) ascending = 0.351
  digit mass: median 1.0000, min 0.0042
  -> fails the retired polarity criterion, as expected. Recorded, not acted on.

========================================================================
Pairwise Pass A -- anchor comparisons (A1.1)
========================================================================
cached: artifacts\pass_a_pairwise\gemma-2-2b-it\417d714030e5\comparisons_417d714030e5.parquet

readout mass by template (A1.6) -- where prompt bugs surface first:
   arm template    n  n_invalid  frac_invalid  mass_median  mass_min
digits       t0 8000          2       0.00025     0.996030  0.230228
digits       t1 8000          0       0.00000     0.998238  0.883440
digits       t2 8000          0       0.00000     0.998370  0.678341
digits       t3 8000          0       0.00000     0.992544  0.659411
digits       t4 8000          0       0.00000     0.998193  0.801203

order invariance -- reported only, retired as a gate (A2.2):
   arm template  n_pairs  order_invariance  unambiguous_item_win           regime
digits       t0     3998          0.624812              0.449725   content-driven
digits       t1     4000          0.701000              0.554250   content-driven
digits       t2     4000          0.702500              0.496750   content-driven
digits       t3     4000          0.576500              0.405000 random-dominated
digits       t4     4000          0.750250              0.458500   content-driven

========================================================================
Bradley-Terry with per-template order term (A2.1)
========================================================================
Initializing NUTS using jitter+adapt_diag...
Sequential sampling (4 chains in 1 job)
NUTS: [sigma_item, theta, alpha, beta]
Sampling 4 chains for 2_000 tune and 2_000 draw iterations (8_000 + 8_000 draws total) took 452 seconds.
Initializing NUTS using jitter+adapt_diag...
Sequential sampling (4 chains in 1 job)
NUTS: [sigma_item, theta, alpha, beta]
Sampling 4 chains for 2_000 tune and 2_000 draw iterations (8_000 + 8_000 draws total) took 434 seconds.
Initializing NUTS using jitter+adapt_diag...
Sequential sampling (4 chains in 1 job)
NUTS: [sigma_item, theta, alpha, beta]
Sampling 4 chains for 2_000 tune and 2_000 draw iterations (8_000 + 8_000 draws total) took 404 seconds.
Initializing NUTS using jitter+adapt_diag...
Sequential sampling (4 chains in 1 job)
NUTS: [sigma_item, theta, alpha, beta]
Sampling 4 chains for 2_000 tune and 2_000 draw iterations (8_000 + 8_000 draws total) took 409 seconds.
Initializing NUTS using jitter+adapt_diag...
Sequential sampling (4 chains in 1 job)
NUTS: [sigma_item, theta, alpha, beta]
Sampling 4 chains for 2_000 tune and 2_000 draw iterations (8_000 + 8_000 draws total) took 404 seconds.
Initializing NUTS using jitter+adapt_diag...
Sequential sampling (4 chains in 1 job)
NUTS: [sigma_item, theta, alpha, beta]
Sampling 4 chains for 2_000 tune and 2_000 draw iterations (8_000 + 8_000 draws total) took 397 seconds.
Initializing NUTS using jitter+adapt_diag...
Sequential sampling (4 chains in 1 job)
NUTS: [sigma_item, theta, alpha, beta]
Sampling 4 chains for 2_000 tune and 2_000 draw iterations (8_000 + 8_000 draws total) took 403 seconds.
Initializing NUTS using jitter+adapt_diag...
Sequential sampling (4 chains in 1 job)
NUTS: [sigma_item, theta, alpha, beta]
Sampling 4 chains for 2_000 tune and 2_000 draw iterations (8_000 + 8_000 draws total) took 408 seconds.
Initializing NUTS using jitter+adapt_diag...
Sequential sampling (4 chains in 1 job)
NUTS: [sigma_item, theta, alpha, beta]
Sampling 4 chains for 2_000 tune and 2_000 draw iterations (8_000 + 8_000 draws total) took 402 seconds.
Initializing NUTS using jitter+adapt_diag...
Sequential sampling (4 chains in 1 job)
NUTS: [sigma_item, theta, alpha, beta]
Sampling 4 chains for 2_000 tune and 2_000 draw iterations (8_000 + 8_000 draws total) took 397 seconds.
Initializing NUTS using jitter+adapt_diag...
Sequential sampling (4 chains in 1 job)
NUTS: [sigma_item, theta, alpha, beta]
Sampling 4 chains for 2_000 tune and 2_000 draw iterations (8_000 + 8_000 draws total) took 394 seconds.
Initializing NUTS using jitter+adapt_diag...
Sequential sampling (4 chains in 1 job)
NUTS: [sigma_item, theta, alpha, beta]
Sampling 4 chains for 2_000 tune and 2_000 draw iterations (8_000 + 8_000 draws total) took 395 seconds.
Initializing NUTS using jitter+adapt_diag...
Sequential sampling (4 chains in 1 job)
NUTS: [sigma_item, theta, alpha, beta]
Sampling 4 chains for 2_000 tune and 2_000 draw iterations (8_000 + 8_000 draws total) took 394 seconds.
Initializing NUTS using jitter+adapt_diag...
Sequential sampling (4 chains in 1 job)
NUTS: [sigma_item, theta, alpha, beta]
Sampling 4 chains for 2_000 tune and 2_000 draw iterations (8_000 + 8_000 draws total) took 398 seconds.
Initializing NUTS using jitter+adapt_diag...
Sequential sampling (4 chains in 1 job)
NUTS: [sigma_item, theta, alpha, beta]
Sampling 4 chains for 2_000 tune and 2_000 draw iterations (8_000 + 8_000 draws total) took 404 seconds.
Initializing NUTS using jitter+adapt_diag...
Sequential sampling (4 chains in 1 job)
NUTS: [sigma_item, theta, alpha, beta]
Sampling 4 chains for 2_000 tune and 2_000 draw iterations (8_000 + 8_000 draws total) took 400 seconds.
Initializing NUTS using jitter+adapt_diag...
Sequential sampling (4 chains in 1 job)
NUTS: [sigma_item, theta, alpha, beta]
Sampling 4 chains for 2_000 tune and 2_000 draw iterations (8_000 + 8_000 draws total) took 397 seconds.
Initializing NUTS using jitter+adapt_diag...
Sequential sampling (4 chains in 1 job)
NUTS: [sigma_item, theta, alpha, beta]
Sampling 4 chains for 2_000 tune and 2_000 draw iterations (8_000 + 8_000 draws total) took 400 seconds.
Initializing NUTS using jitter+adapt_diag...
Sequential sampling (4 chains in 1 job)
NUTS: [sigma_item, theta, alpha, beta]
Sampling 4 chains for 2_000 tune and 2_000 draw iterations (8_000 + 8_000 draws total) took 398 seconds.
Initializing NUTS using jitter+adapt_diag...
Sequential sampling (4 chains in 1 job)
NUTS: [sigma_item, theta, alpha, beta]
Sampling 4 chains for 2_000 tune and 2_000 draw iterations (8_000 + 8_000 draws total) took 395 seconds.
Initializing NUTS using jitter+adapt_diag...
Sequential sampling (4 chains in 1 job)
NUTS: [sigma_item, theta, alpha, beta]
Sampling 4 chains for 2_000 tune and 2_000 draw iterations (8_000 + 8_000 draws total) took 396 seconds.
Initializing NUTS using jitter+adapt_diag...
Sequential sampling (4 chains in 1 job)
NUTS: [sigma_item, theta, alpha, beta]
Sampling 4 chains for 2_000 tune and 2_000 draw iterations (8_000 + 8_000 draws total) took 396 seconds.
Initializing NUTS using jitter+adapt_diag...
Sequential sampling (4 chains in 1 job)
NUTS: [sigma_item, theta, alpha, beta]
Sampling 4 chains for 2_000 tune and 2_000 draw iterations (8_000 + 8_000 draws total) took 393 seconds.
Initializing NUTS using jitter+adapt_diag...
Sequential sampling (4 chains in 1 job)
NUTS: [sigma_item, theta, alpha, beta]
Sampling 4 chains for 2_000 tune and 2_000 draw iterations (8_000 + 8_000 draws total) took 393 seconds.
Initializing NUTS using jitter+adapt_diag...
Sequential sampling (4 chains in 1 job)
NUTS: [sigma_item, theta, alpha, beta]
Sampling 4 chains for 2_000 tune and 2_000 draw iterations (8_000 + 8_000 draws total) took 388 seconds.
Initializing NUTS using jitter+adapt_diag...
Sequential sampling (4 chains in 1 job)
NUTS: [sigma_item, theta, alpha, beta]
Sampling 4 chains for 2_000 tune and 2_000 draw iterations (8_000 + 8_000 draws total) took 237 seconds.
Initializing NUTS using jitter+adapt_diag...
Sequential sampling (4 chains in 1 job)
NUTS: [sigma_item, theta, alpha, beta]
Sampling 4 chains for 2_000 tune and 2_000 draw iterations (8_000 + 8_000 draws total) took 164 seconds.
Bradley-Terry (+ per-template order term): 400 items from 39998 valid comparisons (2 dropped below the mass floor)
  theta spread: sd across items = 1.137, range -1.03 to 5.06
  precision: posterior SD of theta, median 0.295 (min 0.268, max 0.528)
  sigma_item (between-item scale) = 1.570
  separation ratio = 5.33
  model reliability = 0.963 (compare against the EMPIRICAL split-half figure)
  beta: mean +1.282 (favours slot 1), range +0.669 to +1.730 across 5 templates
convergence: max R-hat 1.0000 (limit 1.01), min ESS 10566 (limit 400), divergences 0, 0 parameter(s) failing

position bias by template (beta):
template  beta_mean  beta_sd  beta_hdi_low  beta_hdi_high
      t0      1.528    0.036         1.456          1.597
      t1      1.335    0.036         1.263          1.406
      t2      1.147    0.035         1.079          1.214
      t3      1.730    0.037         1.656          1.801
      t4      0.669    0.034         0.605          0.736

anchor abilities (intended tier is a design annotation, never shown):
            anchor_id  alpha_mean  alpha_sd      tier  tier_rank  alpha_rank
anchor/favourite-meal    5.093259  0.079744      high          0           0
anchor/free-afternoon    1.664198  0.041520      high          0           1
     anchor/long-walk    1.599162  0.040928 upper-mid          1           2
  anchor/blocked-sink    0.953214  0.039491       low          4           3
 anchor/tidy-a-drawer    0.533831  0.040341       mid          2           4
     anchor/lost-keys   -0.869745  0.043841       low          4           5
  anchor/waiting-room   -1.731665  0.051289 lower-mid          3           6
      anchor/old-film   -2.141726  0.056574       mid          2           7
     anchor/tax-forms   -2.416046  0.060579       low          4           8
 anchor/queue-in-rain   -2.684482  0.065828       low          4           9

fit quality (A2.1): slope -0.0009 [-0.0039, +0.0022] vs null +0.0025 (sd 0.0013) -> -2.68 sd

wrote: artifacts\instrument_fit\gemma-2-2b-it\417d714030e5-a476c0f1\fit_417d714030e5-a476c0f1.json

========================================================================
Reliability gate (A2.2) -- the sole exclusion criterion
========================================================================
empirical split-half of theta, ['t0', 't1', 't2'] vs ['t3', 't4']: Spearman 0.858 (threshold 0.7)
model-internal reliability 0.963 -- reported for comparison; using it here would admit models whose item rankings do not reproduce across paraphrases
  ->  PASS

========================================================================
Pass B -- pairs from theta on disjoint template sets
========================================================================
Initializing NUTS using jitter+adapt_diag...
Sequential sampling (4 chains in 1 job)
NUTS: [sigma_item, theta, alpha, beta]
Sampling 4 chains for 2_000 tune and 2_000 draw iterations (8_000 + 8_000 draws total) took 238 seconds.
Initializing NUTS using jitter+adapt_diag...
Sequential sampling (4 chains in 1 job)
NUTS: [sigma_item, theta, alpha, beta]
Sampling 4 chains for 2_000 tune and 2_000 draw iterations (8_000 + 8_000 draws total) took 167 seconds.
theta scores: selection sd 1.284, analysis sd 1.063
wrote: artifacts\pass_b\gemma-2-2b-it\69b46662a18e\pairs_69b46662a18e.parquet
match tolerance 0.4082 = 0.26 x sigma_item (1.5699)  [A2.9.2, per model]
difficulty  n_pairs  diff_sel_mean  diff_sel_sd  diff_sel_min  diff_sel_max  diff_ana_mean  diff_ana_sd  mean_rating_mean  mean_rating_sd
 difficult      100       0.000346     0.000251      0.000004      0.000930       0.420238     0.393555           0.48465        0.890286
      easy      100       3.192999     0.923161      1.646684      6.439341       1.697298     0.890140           0.52876        0.780966
matching quality: {'match_gap_selection_mean': 0.269, 'match_gap_selection_max': 0.4056, 'match_gap_analysis_mean': 0.3862, 'match_gap_analysis_max': 1.5182}

========================================================================
Power on the realized design (A3.1/A3.4) -- computed before Pass C runs
========================================================================
SE(lambda_chose - lambda_yoked) = 0.1027 logits per SD of |diff|
SESOI = 0.2355  (0.15 * sigma_item, Amendment 2)
MINIMUM DETECTABLE EFFECT at 80% power = 0.3233  = 1.37x SESOI
power at the SESOI itself = 0.495 -- NOT compared against a target, see below
SECTION 8's CRITERION IS UNSATISFIABLE AND IS NOT USED HERE. It asks for >= 80% power AT the SESOI, but section 9.2's `pass` cell requires the posterior median to EXCEED the SESOI. When the true effect IS the SESOI the median is centred on that threshold, so power at the SESOI converges to exactly 0.500 as SE -> 0 and can never reach 0.80 at any sample size. This is a property of the two rules together, not of this design. The minimum detectable effect is reported instead; its floor is the SESOI itself. Raised as Amendment 3, not silently patched.
equivalence branch REACHABLE: the HDI can fit inside the ROPE, so a null may be reported as equivalence
information for lambda by stratum:
  stratum  n_post_obs   mean_w  share_of_lambda_information
difficult        8000 0.152763                     0.474692
     easy        8000 0.120830                     0.525308
assumptions: n_pairs=200, n_templates=5, n_orders=2, n_conditions=8, n_observations=18000, gamma_assumed=0.4, beta_measured=+0.669..+1.730, sigma_item_measured=1.5699, gap_source=diff_analysis (disjoint templates), never diff_selection, random_effects=absorbed as fixed -> conservative vs partial pooling

gamma sensitivity (gamma is the one quantity unknown before Pass C):
 gamma     se  power_at_sesoi  min_detectable  equivalence_reachable
   0.0 0.0957          0.4955          0.3172                   True
   0.2 0.0991          0.4953          0.3203                   True
   0.4 0.1027          0.4952          0.3233                   True
   0.8 0.1107          0.4948          0.3302                   True
   1.5 0.1280          0.4488          0.3599                  False

results: artifacts\analysis\gemma-2-2b-it\c8e5a7c76ca4\results_c8e5a7c76ca4.json
