WARNING (pytensor.configdefaults): g++ not available, if using conda: `conda install gxx`
WARNING (pytensor.configdefaults): g++ not detected!  PyTensor will be unable to compile C-implementations and will default to Python. Performance may be severely degraded. To remove this warning, set PyTensor flags cxx to an empty string.
[pairwise_seq] sampler_cores=1 full_hash=2cca48337b6c pass_a_hash=1e92f36cf2b5

========================================================================
Pairwise Pass A  |  gemma-2-2b-it  |  cuda bfloat16
========================================================================
400 items x 10 anchors x 5 templates x 2 orders = 40,000 comparisons
  -> 20 binary outcomes per item per template
cached: artifacts\pass_a_pairwise\gemma-2-2b-it\1e92f36cf2b5\comparisons_1e92f36cf2b5.parquet

readout mass (A1.6):
   arm     n  n_invalid  frac_invalid  mass_median  mass_min
digits 40000          2       0.00005     0.997395  0.230228

readout mass by template:
   arm template    n  n_invalid  frac_invalid  mass_median  mass_min
digits       t0 8000          2       0.00025     0.996030  0.230228
digits       t1 8000          0       0.00000     0.998238  0.883440
digits       t2 8000          0       0.00000     0.998370  0.678341
digits       t3 8000          0       0.00000     0.992544  0.659411
digits       t4 8000          0       0.00000     0.998193  0.801203

========================================================================
Order invariance -- reported only, no longer a gate (A2.2)
========================================================================
retired as an exclusion criterion: its null is 2*s*(1-s) with s = sigmoid(beta),
which moves with a signed, template-varying nuisance parameter.

   arm template  n_pairs  order_invariance  unambiguous_item_win           regime
digits       t0     3998          0.624812              0.449725   content-driven
digits       t1     4000          0.701000              0.554250   content-driven
digits       t2     4000          0.702500              0.496750   content-driven
digits       t3     4000          0.576500              0.405000 random-dominated
digits       t4     4000          0.750250              0.458500   content-driven

========================================================================
Hierarchical Bradley-Terry with per-template order term (A2.1)
========================================================================
Initializing NUTS using jitter+adapt_diag...
Sequential sampling (4 chains in 1 job)
NUTS: [sigma_item, theta, alpha, beta]
+-----------------------------------------------------------------------------+
|         |      |         | Step    | Grad    |         |         |          |
| Progre… | Draw | Diverg… | size    | evals   | Speed   | Elapsed | Remaini… |
|---------+------+---------+---------+---------+---------+---------+----------|
| ------- | 4000 | 0       | 0.282   | 15      | 43.48   | 0:01:32 | 0:00:00  |
|         |      |         |         |         | draws/s |         |          |
| ------- | 4000 | 0       | 0.285   | 15      | 21.80   | 0:03:03 | 0:00:00  |
|         |      |         |         |         | draws/s |         |          |
| ------- | 4000 | 0       | 0.267   | 15      | 14.49   | 0:04:36 | 0:00:00  |
|         |      |         |         |         | draws/s |         |          |
| ------- | 4000 | 0       | 0.257   | 15      | 10.82   | 0:06:09 | 0:00:00  |
|         |      |         |         |         | draws/s |         |          |
+-----------------------------------------------------------------------------+
Sampling 4 chains for 2_000 tune and 2_000 draw iterations (8_000 + 8_000 draws total) took 370 seconds.
Bradley-Terry (+ per-template order term): 400 items from 39998 valid comparisons (2 dropped below the mass floor)
  theta spread: sd across items = 1.137, range -1.03 to 5.06
  precision: posterior SD of theta, median 0.295 (min 0.268, max 0.528)
  sigma_item (between-item scale) = 1.570
  separation ratio = 5.33
  model reliability = 0.963 (compare against the EMPIRICAL split-half figure)
  beta: mean +1.282 (favours slot 1), range +0.669 to +1.730 across 5 templates
convergence: max R-hat 1.0000 (limit 1.01), min ESS 10566 (limit 400), divergences 0, 0 parameter(s) failing

position bias by template (beta):
template  beta_mean  beta_sd  beta_hdi_low  beta_hdi_high
      t0      1.528    0.036         1.456          1.597
      t1      1.335    0.036         1.263          1.406
      t2      1.147    0.035         1.079          1.214
      t3      1.730    0.037         1.656          1.801
      t4      0.669    0.034         0.605          0.736

fit quality -- excess consistency on gap: slope -0.0009 95% CI [-0.0039, +0.0022] over 19998 cells
  FLAT: no residual compression detected

========================================================================
Reliability gate (A2.2)
========================================================================
Initializing NUTS using jitter+adapt_diag...
Sequential sampling (4 chains in 1 job)
NUTS: [sigma_item, theta, alpha, beta]
Sampling 4 chains for 2_000 tune and 2_000 draw iterations (8_000 + 8_000 draws total) took 226 seconds.
Initializing NUTS using jitter+adapt_diag...
Sequential sampling (4 chains in 1 job)
NUTS: [sigma_item, theta, alpha, beta]
Sampling 4 chains for 2_000 tune and 2_000 draw iterations (8_000 + 8_000 draws total) took 157 seconds.
empirical split-half reliability of theta across ['t0', 't1', 't2'] vs ['t3', 't4']:
  Spearman 0.858 (Pearson 0.862), threshold 0.7
  model-internal reliability 0.963 -- a gap between these two signals misspecification
  ->  PASS

anchor abilities (intended tier is a design annotation, never shown to the model):
            anchor_id  alpha_mean  alpha_sd      tier  tier_rank  alpha_rank
anchor/favourite-meal    5.093259  0.079744      high          0           0
anchor/free-afternoon    1.664198  0.041520      high          0           1
     anchor/long-walk    1.599162  0.040928 upper-mid          1           2
  anchor/blocked-sink    0.953214  0.039491       low          4           3
 anchor/tidy-a-drawer    0.533831  0.040341       mid          2           4
     anchor/lost-keys   -0.869745  0.043841       low          4           5
  anchor/waiting-room   -1.731665  0.051289 lower-mid          3           6
      anchor/old-film   -2.141726  0.056574       mid          2           7
     anchor/tax-forms   -2.416046  0.060579       low          4           8
 anchor/queue-in-rain   -2.684482  0.065828       low          4           9

========================================================================
Operating-window diagnostic (A1.7) -- evaluated BEFORE Pass C
========================================================================
 gap_mid    n  discriminable      disc_se  consistency  pred_consistency    excess
0.248110 2503          0.000 6.320764e-07     0.365961          0.347571  0.018390
0.760665 2500          0.868 6.769815e-03     0.412800          0.400463  0.012337
1.278543 2500          1.000 6.324555e-07     0.475200          0.494956 -0.019756
1.819007 2500          1.000 6.324555e-07     0.620400          0.612336  0.008064
2.402514 2500          1.000 6.324555e-07     0.752400          0.732613  0.019787
3.045006 2495          1.000 6.330889e-07     0.846493          0.836040  0.010453
3.851543 2500          1.000 6.324555e-07     0.921600          0.917550  0.004050
5.093438 2500          1.000 6.324555e-07     0.974000          0.971980  0.002020

discriminability rises from 0.00 at gap 0.25 to 1.00 at gap 5.09
fit check: |excess consistency| <= 0.020 across bins (consistent with the beta model)

results: artifacts\pass_a_pairwise\gemma-2-2b-it\1e92f36cf2b5
